==========================================
[2025-12-14 05:41:25] 提交了 41 个任务
配置文件: config.yaml
耦合强度范围: 0.0 到 20.0
----------------------------------------
成功提交的任务:
  耦合强度: 0.0  ->  Job ID: 65704670
  耦合强度: 0.5  ->  Job ID: 65704672
  耦合强度: 1.0  ->  Job ID: 65704675
  耦合强度: 1.5  ->  Job ID: 65704676
  耦合强度: 2.0  ->  Job ID: 65704680
  耦合强度: 2.5  ->  Job ID: 65704683
  耦合强度: 3.0  ->  Job ID: 65704685
  耦合强度: 3.5  ->  Job ID: 65704688
  耦合强度: 4.0  ->  Job ID: 65704689
  耦合强度: 4.5  ->  Job ID: 65704690
  耦合强度: 5.0  ->  Job ID: 65704691
  耦合强度: 5.5  ->  Job ID: 65704692
  耦合强度: 6.0  ->  Job ID: 65704693
  耦合强度: 6.5  ->  Job ID: 65704694
  耦合强度: 7.0  ->  Job ID: 65704695
  耦合强度: 7.5  ->  Job ID: 65704696
  耦合强度: 8.0  ->  Job ID: 65704697
  耦合强度: 8.5  ->  Job ID: 65704698
  耦合强度: 9.0  ->  Job ID: 65704699
  耦合强度: 9.5  ->  Job ID: 65704700
  耦合强度: 10.0  ->  Job ID: 65704701
  耦合强度: 10.5  ->  Job ID: 65704702
  耦合强度: 11.0  ->  Job ID: 65704703
  耦合强度: 11.5  ->  Job ID: 65704704
  耦合强度: 12.0  ->  Job ID: 65704705
  耦合强度: 12.5  ->  Job ID: 65704706
  耦合强度: 13.0  ->  Job ID: 65704707
  耦合强度: 13.5  ->  Job ID: 65704708
  耦合强度: 14.0  ->  Job ID: 65704710
  耦合强度: 14.5  ->  Job ID: 65704712
  耦合强度: 15.0  ->  Job ID: 65704713
  耦合强度: 15.5  ->  Job ID: 65704715
  耦合强度: 16.0  ->  Job ID: 65704718
  耦合强度: 16.5  ->  Job ID: 65704726
  耦合强度: 17.0  ->  Job ID: 65704728
  耦合强度: 17.5  ->  Job ID: 65704731
  耦合强度: 18.0  ->  Job ID: 65704733
  耦合强度: 18.5  ->  Job ID: 65704734
  耦合强度: 19.0  ->  Job ID: 65704735
  耦合强度: 19.5  ->  Job ID: 65704736
  耦合强度: 20.0  ->  Job ID: 65704740
----------------------------------------
Job ID列表已保存到: /mnt/home/jiangj33/eegcode/dynamic_cutoff_couple_exp/multi_main/job_ids.txt
==========================================

==========================================
[2025-12-21 02:56:22] 提交了 41 个任务
配置文件: /mnt/ffs24/home/jiangj33/ldx/eeg_code/multi_main/config.yaml
耦合强度范围: 0.0 到 20.0
----------------------------------------
成功提交的任务:
  耦合强度: 0.0  ->  Job ID: 66223290
  耦合强度: 0.5  ->  Job ID: 66223291
  耦合强度: 1.0  ->  Job ID: 66223293
  耦合强度: 1.5  ->  Job ID: 66223294
  耦合强度: 2.0  ->  Job ID: 66223296
  耦合强度: 2.5  ->  Job ID: 66223297
  耦合强度: 3.0  ->  Job ID: 66223298
  耦合强度: 3.5  ->  Job ID: 66223299
  耦合强度: 4.0  ->  Job ID: 66223300
  耦合强度: 4.5  ->  Job ID: 66223301
  耦合强度: 5.0  ->  Job ID: 66223302
  耦合强度: 5.5  ->  Job ID: 66223303
  耦合强度: 6.0  ->  Job ID: 66223305
  耦合强度: 6.5  ->  Job ID: 66223306
  耦合强度: 7.0  ->  Job ID: 66223307
  耦合强度: 7.5  ->  Job ID: 66223308
  耦合强度: 8.0  ->  Job ID: 66223309
  耦合强度: 8.5  ->  Job ID: 66223310
  耦合强度: 9.0  ->  Job ID: 66223311
  耦合强度: 9.5  ->  Job ID: 66223312
  耦合强度: 10.0  ->  Job ID: 66223313
  耦合强度: 10.5  ->  Job ID: 66223315
  耦合强度: 11.0  ->  Job ID: 66223317
  耦合强度: 11.5  ->  Job ID: 66223320
  耦合强度: 12.0  ->  Job ID: 66223323
  耦合强度: 12.5  ->  Job ID: 66223324
  耦合强度: 13.0  ->  Job ID: 66223327
  耦合强度: 13.5  ->  Job ID: 66223330
  耦合强度: 14.0  ->  Job ID: 66223333
  耦合强度: 14.5  ->  Job ID: 66223335
  耦合强度: 15.0  ->  Job ID: 66223337
  耦合强度: 15.5  ->  Job ID: 66223340
  耦合强度: 16.0  ->  Job ID: 66223343
  耦合强度: 16.5  ->  Job ID: 66223346
  耦合强度: 17.0  ->  Job ID: 66223349
  耦合强度: 17.5  ->  Job ID: 66223352
  耦合强度: 18.0  ->  Job ID: 66223354
  耦合强度: 18.5  ->  Job ID: 66223356
  耦合强度: 19.0  ->  Job ID: 66223359
  耦合强度: 19.5  ->  Job ID: 66223362
  耦合强度: 20.0  ->  Job ID: 66223363
----------------------------------------
Job ID列表已保存到: /mnt/ffs24/home/jiangj33/ldx/eeg_code/multi_main/job_ids.txt
==========================================

==========================================
[2025-12-21 03:06:36] 提交了 41 个任务
配置文件: /mnt/ffs24/home/jiangj33/ldx/eeg_code/multi_main/config.yaml
耦合强度范围: 0.0 到 20.0
----------------------------------------
成功提交的任务:
  耦合强度: 0.0  ->  Job ID: 66223908
  耦合强度: 0.5  ->  Job ID: 66223909
  耦合强度: 1.0  ->  Job ID: 66223910
  耦合强度: 1.5  ->  Job ID: 66223911
  耦合强度: 2.0  ->  Job ID: 66223912
  耦合强度: 2.5  ->  Job ID: 66223913
  耦合强度: 3.0  ->  Job ID: 66223914
  耦合强度: 3.5  ->  Job ID: 66223915
  耦合强度: 4.0  ->  Job ID: 66223917
  耦合强度: 4.5  ->  Job ID: 66223918
  耦合强度: 5.0  ->  Job ID: 66223920
  耦合强度: 5.5  ->  Job ID: 66223922
  耦合强度: 6.0  ->  Job ID: 66223923
  耦合强度: 6.5  ->  Job ID: 66223924
  耦合强度: 7.0  ->  Job ID: 66223925
  耦合强度: 7.5  ->  Job ID: 66223928
  耦合强度: 8.0  ->  Job ID: 66223931
  耦合强度: 8.5  ->  Job ID: 66223932
  耦合强度: 9.0  ->  Job ID: 66223933
  耦合强度: 9.5  ->  Job ID: 66223934
  耦合强度: 10.0  ->  Job ID: 66223935
  耦合强度: 10.5  ->  Job ID: 66223936
  耦合强度: 11.0  ->  Job ID: 66223937
  耦合强度: 11.5  ->  Job ID: 66223938
  耦合强度: 12.0  ->  Job ID: 66223939
  耦合强度: 12.5  ->  Job ID: 66223940
  耦合强度: 13.0  ->  Job ID: 66223941
  耦合强度: 13.5  ->  Job ID: 66223942
  耦合强度: 14.0  ->  Job ID: 66223943
  耦合强度: 14.5  ->  Job ID: 66223944
  耦合强度: 15.0  ->  Job ID: 66223945
  耦合强度: 15.5  ->  Job ID: 66223946
  耦合强度: 16.0  ->  Job ID: 66223947
  耦合强度: 16.5  ->  Job ID: 66223948
  耦合强度: 17.0  ->  Job ID: 66223949
  耦合强度: 17.5  ->  Job ID: 66223950
  耦合强度: 18.0  ->  Job ID: 66223951
  耦合强度: 18.5  ->  Job ID: 66223952
  耦合强度: 19.0  ->  Job ID: 66223953
  耦合强度: 19.5  ->  Job ID: 66223954
  耦合强度: 20.0  ->  Job ID: 66223955
----------------------------------------
Job ID列表已保存到: /mnt/ffs24/home/jiangj33/ldx/eeg_code/multi_main/job_ids.txt
==========================================

==========================================
[2025-12-21 03:14:00] 提交了 41 个任务
配置文件: /mnt/ffs24/home/jiangj33/ldx/eeg_code/multi_main/config.yaml
耦合强度范围: 0.0 到 20.0
----------------------------------------
成功提交的任务:
  耦合强度: 0.0  ->  Job ID: 66224307
  耦合强度: 0.5  ->  Job ID: 66224308
  耦合强度: 1.0  ->  Job ID: 66224309
  耦合强度: 1.5  ->  Job ID: 66224310
  耦合强度: 2.0  ->  Job ID: 66224311
  耦合强度: 2.5  ->  Job ID: 66224312
  耦合强度: 3.0  ->  Job ID: 66224313
  耦合强度: 3.5  ->  Job ID: 66224314
  耦合强度: 4.0  ->  Job ID: 66224315
  耦合强度: 4.5  ->  Job ID: 66224317
  耦合强度: 5.0  ->  Job ID: 66224319
  耦合强度: 5.5  ->  Job ID: 66224320
  耦合强度: 6.0  ->  Job ID: 66224322
  耦合强度: 6.5  ->  Job ID: 66224325
  耦合强度: 7.0  ->  Job ID: 66224326
  耦合强度: 7.5  ->  Job ID: 66224327
  耦合强度: 8.0  ->  Job ID: 66224328
  耦合强度: 8.5  ->  Job ID: 66224329
  耦合强度: 9.0  ->  Job ID: 66224330
  耦合强度: 9.5  ->  Job ID: 66224331
  耦合强度: 10.0  ->  Job ID: 66224332
  耦合强度: 10.5  ->  Job ID: 66224333
  耦合强度: 11.0  ->  Job ID: 66224334
  耦合强度: 11.5  ->  Job ID: 66224335
  耦合强度: 12.0  ->  Job ID: 66224336
  耦合强度: 12.5  ->  Job ID: 66224337
  耦合强度: 13.0  ->  Job ID: 66224338
  耦合强度: 13.5  ->  Job ID: 66224339
  耦合强度: 14.0  ->  Job ID: 66224340
  耦合强度: 14.5  ->  Job ID: 66224341
  耦合强度: 15.0  ->  Job ID: 66224342
  耦合强度: 15.5  ->  Job ID: 66224343
  耦合强度: 16.0  ->  Job ID: 66224344
  耦合强度: 16.5  ->  Job ID: 66224345
  耦合强度: 17.0  ->  Job ID: 66224346
  耦合强度: 17.5  ->  Job ID: 66224347
  耦合强度: 18.0  ->  Job ID: 66224348
  耦合强度: 18.5  ->  Job ID: 66224349
  耦合强度: 19.0  ->  Job ID: 66224350
  耦合强度: 19.5  ->  Job ID: 66224351
  耦合强度: 20.0  ->  Job ID: 66224352
----------------------------------------
Job ID列表已保存到: /mnt/ffs24/home/jiangj33/ldx/eeg_code/multi_main/job_ids.txt
==========================================

==========================================
[2025-12-21 03:15:24] 提交了 41 个任务
配置文件: /mnt/ffs24/home/jiangj33/ldx/eeg_code/multi_main/config.yaml
耦合强度范围: 0.0 到 20.0
----------------------------------------
成功提交的任务:
  耦合强度: 0.0  ->  Job ID: 66224409
  耦合强度: 0.5  ->  Job ID: 66224410
  耦合强度: 1.0  ->  Job ID: 66224411
  耦合强度: 1.5  ->  Job ID: 66224412
  耦合强度: 2.0  ->  Job ID: 66224413
  耦合强度: 2.5  ->  Job ID: 66224414
  耦合强度: 3.0  ->  Job ID: 66224415
  耦合强度: 3.5  ->  Job ID: 66224416
  耦合强度: 4.0  ->  Job ID: 66224417
  耦合强度: 4.5  ->  Job ID: 66224418
  耦合强度: 5.0  ->  Job ID: 66224419
  耦合强度: 5.5  ->  Job ID: 66224420
  耦合强度: 6.0  ->  Job ID: 66224421
  耦合强度: 6.5  ->  Job ID: 66224422
  耦合强度: 7.0  ->  Job ID: 66224423
  耦合强度: 7.5  ->  Job ID: 66224424
  耦合强度: 8.0  ->  Job ID: 66224425
  耦合强度: 8.5  ->  Job ID: 66224426
  耦合强度: 9.0  ->  Job ID: 66224427
  耦合强度: 9.5  ->  Job ID: 66224428
  耦合强度: 10.0  ->  Job ID: 66224429
  耦合强度: 10.5  ->  Job ID: 66224430
  耦合强度: 11.0  ->  Job ID: 66224433
  耦合强度: 11.5  ->  Job ID: 66224436
  耦合强度: 12.0  ->  Job ID: 66224437
  耦合强度: 12.5  ->  Job ID: 66224440
  耦合强度: 13.0  ->  Job ID: 66224443
  耦合强度: 13.5  ->  Job ID: 66224446
  耦合强度: 14.0  ->  Job ID: 66224447
  耦合强度: 14.5  ->  Job ID: 66224450
  耦合强度: 15.0  ->  Job ID: 66224453
  耦合强度: 15.5  ->  Job ID: 66224456
  耦合强度: 16.0  ->  Job ID: 66224459
  耦合强度: 16.5  ->  Job ID: 66224460
  耦合强度: 17.0  ->  Job ID: 66224463
  耦合强度: 17.5  ->  Job ID: 66224466
  耦合强度: 18.0  ->  Job ID: 66224469
  耦合强度: 18.5  ->  Job ID: 66224472
  耦合强度: 19.0  ->  Job ID: 66224473
  耦合强度: 19.5  ->  Job ID: 66224476
  耦合强度: 20.0  ->  Job ID: 66224479
----------------------------------------
Job ID列表已保存到: /mnt/ffs24/home/jiangj33/ldx/eeg_code/multi_main/job_ids.txt
==========================================

==========================================
[2025-12-21 04:05:35] 提交了 41 个任务
配置文件: /mnt/ffs24/home/jiangj33/ldx/eeg_code2/multi_main/config.yaml
耦合强度范围: 0.0 到 20.0
----------------------------------------
成功提交的任务:
  耦合强度: 0.0  ->  Job ID: 66228539
  耦合强度: 0.5  ->  Job ID: 66228540
  耦合强度: 1.0  ->  Job ID: 66228541
  耦合强度: 1.5  ->  Job ID: 66228542
  耦合强度: 2.0  ->  Job ID: 66228543
  耦合强度: 2.5  ->  Job ID: 66228544
  耦合强度: 3.0  ->  Job ID: 66228545
  耦合强度: 3.5  ->  Job ID: 66228546
  耦合强度: 4.0  ->  Job ID: 66228547
  耦合强度: 4.5  ->  Job ID: 66228548
  耦合强度: 5.0  ->  Job ID: 66228549
  耦合强度: 5.5  ->  Job ID: 66228550
  耦合强度: 6.0  ->  Job ID: 66228551
  耦合强度: 6.5  ->  Job ID: 66228552
  耦合强度: 7.0  ->  Job ID: 66228553
  耦合强度: 7.5  ->  Job ID: 66228554
  耦合强度: 8.0  ->  Job ID: 66228555
  耦合强度: 8.5  ->  Job ID: 66228556
  耦合强度: 9.0  ->  Job ID: 66228557
  耦合强度: 9.5  ->  Job ID: 66228558
  耦合强度: 10.0  ->  Job ID: 66228559
  耦合强度: 10.5  ->  Job ID: 66228560
  耦合强度: 11.0  ->  Job ID: 66228561
  耦合强度: 11.5  ->  Job ID: 66228562
  耦合强度: 12.0  ->  Job ID: 66228563
  耦合强度: 12.5  ->  Job ID: 66228564
  耦合强度: 13.0  ->  Job ID: 66228565
  耦合强度: 13.5  ->  Job ID: 66228566
  耦合强度: 14.0  ->  Job ID: 66228567
  耦合强度: 14.5  ->  Job ID: 66228568
  耦合强度: 15.0  ->  Job ID: 66228569
  耦合强度: 15.5  ->  Job ID: 66228570
  耦合强度: 16.0  ->  Job ID: 66228571
  耦合强度: 16.5  ->  Job ID: 66228572
  耦合强度: 17.0  ->  Job ID: 66228573
  耦合强度: 17.5  ->  Job ID: 66228574
  耦合强度: 18.0  ->  Job ID: 66228575
  耦合强度: 18.5  ->  Job ID: 66228576
  耦合强度: 19.0  ->  Job ID: 66228577
  耦合强度: 19.5  ->  Job ID: 66228578
  耦合强度: 20.0  ->  Job ID: 66228579
----------------------------------------
Job ID列表已保存到: /mnt/ffs24/home/jiangj33/ldx/eeg_code2/multi_main/job_ids.txt
==========================================

==========================================
[2025-12-21 19:27:20] 提交了 41 个任务
配置文件: config.yaml
耦合强度范围: 0.0 到 20.0
----------------------------------------
成功提交的任务:
  耦合强度: 0.0  ->  Job ID: 66263539
  耦合强度: 0.5  ->  Job ID: 66263540
  耦合强度: 1.0  ->  Job ID: 66263541
  耦合强度: 1.5  ->  Job ID: 66263542
  耦合强度: 2.0  ->  Job ID: 66263543
  耦合强度: 2.5  ->  Job ID: 66263544
  耦合强度: 3.0  ->  Job ID: 66263545
  耦合强度: 3.5  ->  Job ID: 66263546
  耦合强度: 4.0  ->  Job ID: 66263547
  耦合强度: 4.5  ->  Job ID: 66263548
  耦合强度: 5.0  ->  Job ID: 66263549
  耦合强度: 5.5  ->  Job ID: 66263550
  耦合强度: 6.0  ->  Job ID: 66263551
  耦合强度: 6.5  ->  Job ID: 66263552
  耦合强度: 7.0  ->  Job ID: 66263553
  耦合强度: 7.5  ->  Job ID: 66263554
  耦合强度: 8.0  ->  Job ID: 66263555
  耦合强度: 8.5  ->  Job ID: 66263556
  耦合强度: 9.0  ->  Job ID: 66263557
  耦合强度: 9.5  ->  Job ID: 66263558
  耦合强度: 10.0  ->  Job ID: 66263559
  耦合强度: 10.5  ->  Job ID: 66263560
  耦合强度: 11.0  ->  Job ID: 66263561
  耦合强度: 11.5  ->  Job ID: 66263562
  耦合强度: 12.0  ->  Job ID: 66263563
  耦合强度: 12.5  ->  Job ID: 66263566
  耦合强度: 13.0  ->  Job ID: 66263567
  耦合强度: 13.5  ->  Job ID: 66263568
  耦合强度: 14.0  ->  Job ID: 66263569
  耦合强度: 14.5  ->  Job ID: 66263570
  耦合强度: 15.0  ->  Job ID: 66263571
  耦合强度: 15.5  ->  Job ID: 66263572
  耦合强度: 16.0  ->  Job ID: 66263573
  耦合强度: 16.5  ->  Job ID: 66263574
  耦合强度: 17.0  ->  Job ID: 66263575
  耦合强度: 17.5  ->  Job ID: 66263576
  耦合强度: 18.0  ->  Job ID: 66263577
  耦合强度: 18.5  ->  Job ID: 66263578
  耦合强度: 19.0  ->  Job ID: 66263579
  耦合强度: 19.5  ->  Job ID: 66263580
  耦合强度: 20.0  ->  Job ID: 66263581
----------------------------------------
Job ID列表已保存到: /mnt/ffs24/home/jiangj33/ldx/eeg_code2/multi_main/job_ids.txt
==========================================

==========================================
[2025-12-23 22:01:29] 提交了 41 个任务
配置文件: /mnt/ffs24/home/jiangj33/ldx/eeg_code2/multi_main/config.yaml
耦合强度范围: 0.0 到 20.0
----------------------------------------
成功提交的任务:
  耦合强度: 0.0  ->  Job ID: 66364149
  耦合强度: 0.5  ->  Job ID: 66364150
  耦合强度: 1.0  ->  Job ID: 66364151
  耦合强度: 1.5  ->  Job ID: 66364152
  耦合强度: 2.0  ->  Job ID: 66364153
  耦合强度: 2.5  ->  Job ID: 66364154
  耦合强度: 3.0  ->  Job ID: 66364155
  耦合强度: 3.5  ->  Job ID: 66364156
  耦合强度: 4.0  ->  Job ID: 66364157
  耦合强度: 4.5  ->  Job ID: 66364158
  耦合强度: 5.0  ->  Job ID: 66364159
  耦合强度: 5.5  ->  Job ID: 66364160
  耦合强度: 6.0  ->  Job ID: 66364161
  耦合强度: 6.5  ->  Job ID: 66364162
  耦合强度: 7.0  ->  Job ID: 66364163
  耦合强度: 7.5  ->  Job ID: 66364164
  耦合强度: 8.0  ->  Job ID: 66364165
  耦合强度: 8.5  ->  Job ID: 66364166
  耦合强度: 9.0  ->  Job ID: 66364167
  耦合强度: 9.5  ->  Job ID: 66364168
  耦合强度: 10.0  ->  Job ID: 66364169
  耦合强度: 10.5  ->  Job ID: 66364170
  耦合强度: 11.0  ->  Job ID: 66364171
  耦合强度: 11.5  ->  Job ID: 66364172
  耦合强度: 12.0  ->  Job ID: 66364173
  耦合强度: 12.5  ->  Job ID: 66364174
  耦合强度: 13.0  ->  Job ID: 66364175
  耦合强度: 13.5  ->  Job ID: 66364176
  耦合强度: 14.0  ->  Job ID: 66364177
  耦合强度: 14.5  ->  Job ID: 66364178
  耦合强度: 15.0  ->  Job ID: 66364179
  耦合强度: 15.5  ->  Job ID: 66364180
  耦合强度: 16.0  ->  Job ID: 66364181
  耦合强度: 16.5  ->  Job ID: 66364182
  耦合强度: 17.0  ->  Job ID: 66364183
  耦合强度: 17.5  ->  Job ID: 66364184
  耦合强度: 18.0  ->  Job ID: 66364185
  耦合强度: 18.5  ->  Job ID: 66364186
  耦合强度: 19.0  ->  Job ID: 66364187
  耦合强度: 19.5  ->  Job ID: 66364188
  耦合强度: 20.0  ->  Job ID: 66364189
----------------------------------------
Job ID列表已保存到: /mnt/ffs24/home/jiangj33/ldx/eeg_code2/multi_main/job_ids.txt
==========================================

==========================================
[2025-12-23 23:00:18] 提交了 41 个任务
配置文件: /mnt/ffs24/home/jiangj33/ldx/eeg_code2/multi_main/config.yaml
耦合强度范围: 0.0 到 20.0
----------------------------------------
成功提交的任务:
  耦合强度: 0.0  ->  Job ID: 66367172
  耦合强度: 0.5  ->  Job ID: 66367173
  耦合强度: 1.0  ->  Job ID: 66367174
  耦合强度: 1.5  ->  Job ID: 66367175
  耦合强度: 2.0  ->  Job ID: 66367176
  耦合强度: 2.5  ->  Job ID: 66367177
  耦合强度: 3.0  ->  Job ID: 66367178
  耦合强度: 3.5  ->  Job ID: 66367179
  耦合强度: 4.0  ->  Job ID: 66367180
  耦合强度: 4.5  ->  Job ID: 66367181
  耦合强度: 5.0  ->  Job ID: 66367182
  耦合强度: 5.5  ->  Job ID: 66367183
  耦合强度: 6.0  ->  Job ID: 66367184
  耦合强度: 6.5  ->  Job ID: 66367185
  耦合强度: 7.0  ->  Job ID: 66367186
  耦合强度: 7.5  ->  Job ID: 66367187
  耦合强度: 8.0  ->  Job ID: 66367188
  耦合强度: 8.5  ->  Job ID: 66367189
  耦合强度: 9.0  ->  Job ID: 66367190
  耦合强度: 9.5  ->  Job ID: 66367191
  耦合强度: 10.0  ->  Job ID: 66367192
  耦合强度: 10.5  ->  Job ID: 66367193
  耦合强度: 11.0  ->  Job ID: 66367194
  耦合强度: 11.5  ->  Job ID: 66367195
  耦合强度: 12.0  ->  Job ID: 66367196
  耦合强度: 12.5  ->  Job ID: 66367203
  耦合强度: 13.0  ->  Job ID: 66367204
  耦合强度: 13.5  ->  Job ID: 66367205
  耦合强度: 14.0  ->  Job ID: 66367209
  耦合强度: 14.5  ->  Job ID: 66367212
  耦合强度: 15.0  ->  Job ID: 66367215
  耦合强度: 15.5  ->  Job ID: 66367217
  耦合强度: 16.0  ->  Job ID: 66367218
  耦合强度: 16.5  ->  Job ID: 66367219
  耦合强度: 17.0  ->  Job ID: 66367220
  耦合强度: 17.5  ->  Job ID: 66367221
  耦合强度: 18.0  ->  Job ID: 66367222
  耦合强度: 18.5  ->  Job ID: 66367224
  耦合强度: 19.0  ->  Job ID: 66367225
  耦合强度: 19.5  ->  Job ID: 66367226
  耦合强度: 20.0  ->  Job ID: 66367227
----------------------------------------
Job ID列表已保存到: /mnt/ffs24/home/jiangj33/ldx/eeg_code2/multi_main/job_ids.txt
==========================================

==========================================
[2025-12-23 23:03:18] 提交了 41 个任务
配置文件: /mnt/ffs24/home/jiangj33/ldx/eeg_code2/multi_main/config.yaml
耦合强度范围: 0.0 到 20.0
----------------------------------------
成功提交的任务:
  耦合强度: 0.0  ->  Job ID: 66367363
  耦合强度: 0.5  ->  Job ID: 66367364
  耦合强度: 1.0  ->  Job ID: 66367365
  耦合强度: 1.5  ->  Job ID: 66367366
  耦合强度: 2.0  ->  Job ID: 66367367
  耦合强度: 2.5  ->  Job ID: 66367368
  耦合强度: 3.0  ->  Job ID: 66367369
  耦合强度: 3.5  ->  Job ID: 66367373
  耦合强度: 4.0  ->  Job ID: 66367374
  耦合强度: 4.5  ->  Job ID: 66367375
  耦合强度: 5.0  ->  Job ID: 66367376
  耦合强度: 5.5  ->  Job ID: 66367377
  耦合强度: 6.0  ->  Job ID: 66367378
  耦合强度: 6.5  ->  Job ID: 66367379
  耦合强度: 7.0  ->  Job ID: 66367384
  耦合强度: 7.5  ->  Job ID: 66367391
  耦合强度: 8.0  ->  Job ID: 66367393
  耦合强度: 8.5  ->  Job ID: 66367394
  耦合强度: 9.0  ->  Job ID: 66367395
  耦合强度: 9.5  ->  Job ID: 66367396
  耦合强度: 10.0  ->  Job ID: 66367397
  耦合强度: 10.5  ->  Job ID: 66367398
  耦合强度: 11.0  ->  Job ID: 66367399
  耦合强度: 11.5  ->  Job ID: 66367400
  耦合强度: 12.0  ->  Job ID: 66367401
  耦合强度: 12.5  ->  Job ID: 66367402
  耦合强度: 13.0  ->  Job ID: 66367403
  耦合强度: 13.5  ->  Job ID: 66367404
  耦合强度: 14.0  ->  Job ID: 66367405
  耦合强度: 14.5  ->  Job ID: 66367406
  耦合强度: 15.0  ->  Job ID: 66367407
  耦合强度: 15.5  ->  Job ID: 66367408
  耦合强度: 16.0  ->  Job ID: 66367409
  耦合强度: 16.5  ->  Job ID: 66367410
  耦合强度: 17.0  ->  Job ID: 66367411
  耦合强度: 17.5  ->  Job ID: 66367412
  耦合强度: 18.0  ->  Job ID: 66367413
  耦合强度: 18.5  ->  Job ID: 66367414
  耦合强度: 19.0  ->  Job ID: 66367415
  耦合强度: 19.5  ->  Job ID: 66367416
  耦合强度: 20.0  ->  Job ID: 66367417
----------------------------------------
Job ID列表已保存到: /mnt/ffs24/home/jiangj33/ldx/eeg_code2/multi_main/job_ids.txt
==========================================

==========================================
[2025-12-24 00:05:31] 提交了 41 个任务
配置文件: /mnt/ffs24/home/jiangj33/ldx/eeg_code2/multi_main/config.yaml
耦合强度范围: 0.0 到 20.0
----------------------------------------
成功提交的任务:
  耦合强度: 0.0  ->  Job ID: 66369190
  耦合强度: 0.5  ->  Job ID: 66369191
  耦合强度: 1.0  ->  Job ID: 66369192
  耦合强度: 1.5  ->  Job ID: 66369193
  耦合强度: 2.0  ->  Job ID: 66369194
  耦合强度: 2.5  ->  Job ID: 66369195
  耦合强度: 3.0  ->  Job ID: 66369197
  耦合强度: 3.5  ->  Job ID: 66369198
  耦合强度: 4.0  ->  Job ID: 66369199
  耦合强度: 4.5  ->  Job ID: 66369200
  耦合强度: 5.0  ->  Job ID: 66369201
  耦合强度: 5.5  ->  Job ID: 66369202
  耦合强度: 6.0  ->  Job ID: 66369203
  耦合强度: 6.5  ->  Job ID: 66369204
  耦合强度: 7.0  ->  Job ID: 66369205
  耦合强度: 7.5  ->  Job ID: 66369206
  耦合强度: 8.0  ->  Job ID: 66369208
  耦合强度: 8.5  ->  Job ID: 66369212
  耦合强度: 9.0  ->  Job ID: 66369216
  耦合强度: 9.5  ->  Job ID: 66369220
  耦合强度: 10.0  ->  Job ID: 66369224
  耦合强度: 10.5  ->  Job ID: 66369226
  耦合强度: 11.0  ->  Job ID: 66369228
  耦合强度: 11.5  ->  Job ID: 66369232
  耦合强度: 12.0  ->  Job ID: 66369236
  耦合强度: 12.5  ->  Job ID: 66369240
  耦合强度: 13.0  ->  Job ID: 66369244
  耦合强度: 13.5  ->  Job ID: 66369248
  耦合强度: 14.0  ->  Job ID: 66369252
  耦合强度: 14.5  ->  Job ID: 66369255
  耦合强度: 15.0  ->  Job ID: 66369256
  耦合强度: 15.5  ->  Job ID: 66369257
  耦合强度: 16.0  ->  Job ID: 66369258
  耦合强度: 16.5  ->  Job ID: 66369259
  耦合强度: 17.0  ->  Job ID: 66369260
  耦合强度: 17.5  ->  Job ID: 66369261
  耦合强度: 18.0  ->  Job ID: 66369262
  耦合强度: 18.5  ->  Job ID: 66369263
  耦合强度: 19.0  ->  Job ID: 66369264
  耦合强度: 19.5  ->  Job ID: 66369265
  耦合强度: 20.0  ->  Job ID: 66369266
----------------------------------------
Job ID列表已保存到: /mnt/ffs24/home/jiangj33/ldx/eeg_code2/multi_main/job_ids.txt
==========================================

==========================================
[2026-03-11 03:30:52] 提交了 41 个任务
配置文件: /mnt/gs21/scratch/jiangj33/ldx/ABCDE/multi_main/config.yaml
耦合强度范围: 0.0 到 20.0
----------------------------------------
成功提交的任务:
  耦合强度: 0.0  ->  Job ID: 3077761
  耦合强度: 0.5  ->  Job ID: 3077762
  耦合强度: 1.0  ->  Job ID: 3077765
  耦合强度: 1.5  ->  Job ID: 3077767
  耦合强度: 2.0  ->  Job ID: 3077768
  耦合强度: 2.5  ->  Job ID: 3077769
  耦合强度: 3.0  ->  Job ID: 3077770
  耦合强度: 3.5  ->  Job ID: 3077774
  耦合强度: 4.0  ->  Job ID: 3077778
  耦合强度: 4.5  ->  Job ID: 3077782
  耦合强度: 5.0  ->  Job ID: 3077783
  耦合强度: 5.5  ->  Job ID: 3077786
  耦合强度: 6.0  ->  Job ID: 3077790
  耦合强度: 6.5  ->  Job ID: 3077794
  耦合强度: 7.0  ->  Job ID: 3077797
  耦合强度: 7.5  ->  Job ID: 3077799
  耦合强度: 8.0  ->  Job ID: 3077803
  耦合强度: 8.5  ->  Job ID: 3077807
  耦合强度: 9.0  ->  Job ID: 3077810
  耦合强度: 9.5  ->  Job ID: 3077814
  耦合强度: 10.0  ->  Job ID: 3077816
  耦合强度: 10.5  ->  Job ID: 3077820
  耦合强度: 11.0  ->  Job ID: 3077824
  耦合强度: 11.5  ->  Job ID: 3077828
  耦合强度: 12.0  ->  Job ID: 3077831
  耦合强度: 12.5  ->  Job ID: 3077835
  耦合强度: 13.0  ->  Job ID: 3077838
  耦合强度: 13.5  ->  Job ID: 3077841
  耦合强度: 14.0  ->  Job ID: 3077845
  耦合强度: 14.5  ->  Job ID: 3077849
  耦合强度: 15.0  ->  Job ID: 3077853
  耦合强度: 15.5  ->  Job ID: 3077856
  耦合强度: 16.0  ->  Job ID: 3077860
  耦合强度: 16.5  ->  Job ID: 3077863
  耦合强度: 17.0  ->  Job ID: 3077867
  耦合强度: 17.5  ->  Job ID: 3077918
  耦合强度: 18.0  ->  Job ID: 3077922
  耦合强度: 18.5  ->  Job ID: 3077923
  耦合强度: 19.0  ->  Job ID: 3077926
  耦合强度: 19.5  ->  Job ID: 3077927
  耦合强度: 20.0  ->  Job ID: 3077928
----------------------------------------
Job ID列表已保存到: /mnt/gs21/scratch/jiangj33/ldx/ABCDE/multi_main/job_ids.txt
==========================================

==========================================
[2026-03-18 10:02:58] 提交了 41 个任务
配置文件: /mnt/gs21/scratch/jiangj33/ldx/ABCDE/multi_main/config.yaml
耦合强度范围: 0.0 到 20.0
----------------------------------------
成功提交的任务:
  耦合强度: 0.0  ->  Job ID: 3679278
  耦合强度: 0.5  ->  Job ID: 3679280
  耦合强度: 1.0  ->  Job ID: 3679340
  耦合强度: 1.5  ->  Job ID: 3679370
  耦合强度: 2.0  ->  Job ID: 3679405
  耦合强度: 2.5  ->  Job ID: 3679407
  耦合强度: 3.0  ->  Job ID: 3679411
  耦合强度: 3.5  ->  Job ID: 3679423
  耦合强度: 4.0  ->  Job ID: 3679429
  耦合强度: 4.5  ->  Job ID: 3679438
  耦合强度: 5.0  ->  Job ID: 3679449
  耦合强度: 5.5  ->  Job ID: 3679461
  耦合强度: 6.0  ->  Job ID: 3679465
  耦合强度: 6.5  ->  Job ID: 3679468
  耦合强度: 7.0  ->  Job ID: 3679474
  耦合强度: 7.5  ->  Job ID: 3679480
  耦合强度: 8.0  ->  Job ID: 3679484
  耦合强度: 8.5  ->  Job ID: 3679495
  耦合强度: 9.0  ->  Job ID: 3679517
  耦合强度: 9.5  ->  Job ID: 3679523
  耦合强度: 10.0  ->  Job ID: 3679528
  耦合强度: 10.5  ->  Job ID: 3679536
  耦合强度: 11.0  ->  Job ID: 3679542
  耦合强度: 11.5  ->  Job ID: 3679548
  耦合强度: 12.0  ->  Job ID: 3679553
  耦合强度: 12.5  ->  Job ID: 3679558
  耦合强度: 13.0  ->  Job ID: 3679579
  耦合强度: 13.5  ->  Job ID: 3679585
  耦合强度: 14.0  ->  Job ID: 3679589
  耦合强度: 14.5  ->  Job ID: 3679593
  耦合强度: 15.0  ->  Job ID: 3679596
  耦合强度: 15.5  ->  Job ID: 3679600
  耦合强度: 16.0  ->  Job ID: 3679605
  耦合强度: 16.5  ->  Job ID: 3679610
  耦合强度: 17.0  ->  Job ID: 3679614
  耦合强度: 17.5  ->  Job ID: 3679619
  耦合强度: 18.0  ->  Job ID: 3679624
  耦合强度: 18.5  ->  Job ID: 3679628
  耦合强度: 19.0  ->  Job ID: 3679630
  耦合强度: 19.5  ->  Job ID: 3679632
  耦合强度: 20.0  ->  Job ID: 3679634
----------------------------------------
Job ID列表已保存到: /mnt/gs21/scratch/jiangj33/ldx/ABCDE/multi_main/job_ids.txt
==========================================

==========================================
[2026-04-02 08:01:23] 提交了 41 个任务
配置文件: /mnt/gs21/scratch/jiangj33/ldx/ABCDE/multi_main/config.yaml
耦合强度范围: 0.0 到 20.0
----------------------------------------
成功提交的任务:
  耦合强度: 0.0  ->  Job ID: 4880160
  耦合强度: 0.5  ->  Job ID: 4880162
  耦合强度: 1.0  ->  Job ID: 4880165
  耦合强度: 1.5  ->  Job ID: 4880168
  耦合强度: 2.0  ->  Job ID: 4880169
  耦合强度: 2.5  ->  Job ID: 4880170
  耦合强度: 3.0  ->  Job ID: 4880173
  耦合强度: 3.5  ->  Job ID: 4880174
  耦合强度: 4.0  ->  Job ID: 4880175
  耦合强度: 4.5  ->  Job ID: 4880177
  耦合强度: 5.0  ->  Job ID: 4880183
  耦合强度: 5.5  ->  Job ID: 4880188
  耦合强度: 6.0  ->  Job ID: 4880192
  耦合强度: 6.5  ->  Job ID: 4880194
  耦合强度: 7.0  ->  Job ID: 4880199
  耦合强度: 7.5  ->  Job ID: 4880205
  耦合强度: 8.0  ->  Job ID: 4880211
  耦合强度: 8.5  ->  Job ID: 4880213
  耦合强度: 9.0  ->  Job ID: 4880217
  耦合强度: 9.5  ->  Job ID: 4880221
  耦合强度: 10.0  ->  Job ID: 4880224
  耦合强度: 10.5  ->  Job ID: 4880227
  耦合强度: 11.0  ->  Job ID: 4880230
  耦合强度: 11.5  ->  Job ID: 4880243
  耦合强度: 12.0  ->  Job ID: 4880246
  耦合强度: 12.5  ->  Job ID: 4880253
  耦合强度: 13.0  ->  Job ID: 4880254
  耦合强度: 13.5  ->  Job ID: 4880257
  耦合强度: 14.0  ->  Job ID: 4880261
  耦合强度: 14.5  ->  Job ID: 4880264
  耦合强度: 15.0  ->  Job ID: 4880265
  耦合强度: 15.5  ->  Job ID: 4880267
  耦合强度: 16.0  ->  Job ID: 4880268
  耦合强度: 16.5  ->  Job ID: 4880269
  耦合强度: 17.0  ->  Job ID: 4880270
  耦合强度: 17.5  ->  Job ID: 4880271
  耦合强度: 18.0  ->  Job ID: 4880273
  耦合强度: 18.5  ->  Job ID: 4880274
  耦合强度: 19.0  ->  Job ID: 4880275
  耦合强度: 19.5  ->  Job ID: 4880279
  耦合强度: 20.0  ->  Job ID: 4880281
----------------------------------------
Job ID列表已保存到: /mnt/gs21/scratch/jiangj33/ldx/ABCDE/multi_main/job_ids.txt
==========================================

==========================================
[2026-04-16 09:19:52] 提交了 41 个任务
配置文件: /mnt/gs21/scratch/jiangj33/ldx/AB-CD-E/multi_main/config.yaml
耦合强度范围: 0.0 到 20.0
----------------------------------------
成功提交的任务:
  耦合强度: 0.0  ->  Job ID: 5775340
  耦合强度: 0.5  ->  Job ID: 5775342
  耦合强度: 1.0  ->  Job ID: 5775345
  耦合强度: 1.5  ->  Job ID: 5775347
  耦合强度: 2.0  ->  Job ID: 5775349
  耦合强度: 2.5  ->  Job ID: 5775352
  耦合强度: 3.0  ->  Job ID: 5775354
  耦合强度: 3.5  ->  Job ID: 5775356
  耦合强度: 4.0  ->  Job ID: 5775358
  耦合强度: 4.5  ->  Job ID: 5775360
  耦合强度: 5.0  ->  Job ID: 5775362
  耦合强度: 5.5  ->  Job ID: 5775364
  耦合强度: 6.0  ->  Job ID: 5775366
  耦合强度: 6.5  ->  Job ID: 5775368
  耦合强度: 7.0  ->  Job ID: 5775372
  耦合强度: 7.5  ->  Job ID: 5775375
  耦合强度: 8.0  ->  Job ID: 5775378
  耦合强度: 8.5  ->  Job ID: 5775381
  耦合强度: 9.0  ->  Job ID: 5775384
  耦合强度: 9.5  ->  Job ID: 5775387
  耦合强度: 10.0  ->  Job ID: 5775390
  耦合强度: 10.5  ->  Job ID: 5775392
  耦合强度: 11.0  ->  Job ID: 5775394
  耦合强度: 11.5  ->  Job ID: 5775396
  耦合强度: 12.0  ->  Job ID: 5775398
  耦合强度: 12.5  ->  Job ID: 5775401
  耦合强度: 13.0  ->  Job ID: 5775403
  耦合强度: 13.5  ->  Job ID: 5775405
  耦合强度: 14.0  ->  Job ID: 5775407
  耦合强度: 14.5  ->  Job ID: 5775409
  耦合强度: 15.0  ->  Job ID: 5775412
  耦合强度: 15.5  ->  Job ID: 5775414
  耦合强度: 16.0  ->  Job ID: 5775417
  耦合强度: 16.5  ->  Job ID: 5775419
  耦合强度: 17.0  ->  Job ID: 5775422
  耦合强度: 17.5  ->  Job ID: 5775424
  耦合强度: 18.0  ->  Job ID: 5775426
  耦合强度: 18.5  ->  Job ID: 5775429
  耦合强度: 19.0  ->  Job ID: 5775431
  耦合强度: 19.5  ->  Job ID: 5775434
  耦合强度: 20.0  ->  Job ID: 5775436
----------------------------------------
Job ID列表已保存到: /mnt/gs21/scratch/jiangj33/ldx/AB-CD-E/multi_main/job_ids.txt
==========================================

==========================================
[2026-07-10 12:10:43] 提交了 41 个任务
配置文件: /mnt/gs21/scratch/jiangj33/ldx/case1/multi_main/config.yaml
耦合强度范围: 0.0 到 20.0
----------------------------------------
成功提交的任务:
  耦合强度: 0.0  ->  Job ID: 12201433
  耦合强度: 0.5  ->  Job ID: 12201434
  耦合强度: 1.0  ->  Job ID: 12201435
  耦合强度: 1.5  ->  Job ID: 12201436
  耦合强度: 2.0  ->  Job ID: 12201437
  耦合强度: 2.5  ->  Job ID: 12201438
  耦合强度: 3.0  ->  Job ID: 12201439
  耦合强度: 3.5  ->  Job ID: 12201440
  耦合强度: 4.0  ->  Job ID: 12201441
  耦合强度: 4.5  ->  Job ID: 12201442
  耦合强度: 5.0  ->  Job ID: 12201443
  耦合强度: 5.5  ->  Job ID: 12201444
  耦合强度: 6.0  ->  Job ID: 12201445
  耦合强度: 6.5  ->  Job ID: 12201446
  耦合强度: 7.0  ->  Job ID: 12201447
  耦合强度: 7.5  ->  Job ID: 12201448
  耦合强度: 8.0  ->  Job ID: 12201449
  耦合强度: 8.5  ->  Job ID: 12201450
  耦合强度: 9.0  ->  Job ID: 12201451
  耦合强度: 9.5  ->  Job ID: 12201452
  耦合强度: 10.0  ->  Job ID: 12201453
  耦合强度: 10.5  ->  Job ID: 12201454
  耦合强度: 11.0  ->  Job ID: 12201455
  耦合强度: 11.5  ->  Job ID: 12201456
  耦合强度: 12.0  ->  Job ID: 12201457
  耦合强度: 12.5  ->  Job ID: 12201458
  耦合强度: 13.0  ->  Job ID: 12201459
  耦合强度: 13.5  ->  Job ID: 12201460
  耦合强度: 14.0  ->  Job ID: 12201461
  耦合强度: 14.5  ->  Job ID: 12201462
  耦合强度: 15.0  ->  Job ID: 12201463
  耦合强度: 15.5  ->  Job ID: 12201464
  耦合强度: 16.0  ->  Job ID: 12201465
  耦合强度: 16.5  ->  Job ID: 12201466
  耦合强度: 17.0  ->  Job ID: 12201467
  耦合强度: 17.5  ->  Job ID: 12201468
  耦合强度: 18.0  ->  Job ID: 12201469
  耦合强度: 18.5  ->  Job ID: 12201470
  耦合强度: 19.0  ->  Job ID: 12201471
  耦合强度: 19.5  ->  Job ID: 12201472
  耦合强度: 20.0  ->  Job ID: 12201473
----------------------------------------
Job ID列表已保存到: /mnt/gs21/scratch/jiangj33/ldx/case1/multi_main/job_ids.txt
==========================================

==========================================
[2026-07-10 12:12:43] 提交了 41 个任务
配置文件: /mnt/gs21/scratch/jiangj33/ldx/case1/multi_main/config.yaml
耦合强度范围: 0.0 到 20.0
----------------------------------------
成功提交的任务:
  耦合强度: 0.0  ->  Job ID: 12201527
  耦合强度: 0.5  ->  Job ID: 12201528
  耦合强度: 1.0  ->  Job ID: 12201529
  耦合强度: 1.5  ->  Job ID: 12201530
  耦合强度: 2.0  ->  Job ID: 12201531
  耦合强度: 2.5  ->  Job ID: 12201532
  耦合强度: 3.0  ->  Job ID: 12201533
  耦合强度: 3.5  ->  Job ID: 12201534
  耦合强度: 4.0  ->  Job ID: 12201535
  耦合强度: 4.5  ->  Job ID: 12201536
  耦合强度: 5.0  ->  Job ID: 12201537
  耦合强度: 5.5  ->  Job ID: 12201538
  耦合强度: 6.0  ->  Job ID: 12201539
  耦合强度: 6.5  ->  Job ID: 12201540
  耦合强度: 7.0  ->  Job ID: 12201541
  耦合强度: 7.5  ->  Job ID: 12201542
  耦合强度: 8.0  ->  Job ID: 12201543
  耦合强度: 8.5  ->  Job ID: 12201544
  耦合强度: 9.0  ->  Job ID: 12201545
  耦合强度: 9.5  ->  Job ID: 12201546
  耦合强度: 10.0  ->  Job ID: 12201547
  耦合强度: 10.5  ->  Job ID: 12201548
  耦合强度: 11.0  ->  Job ID: 12201549
  耦合强度: 11.5  ->  Job ID: 12201550
  耦合强度: 12.0  ->  Job ID: 12201551
  耦合强度: 12.5  ->  Job ID: 12201552
  耦合强度: 13.0  ->  Job ID: 12201553
  耦合强度: 13.5  ->  Job ID: 12201554
  耦合强度: 14.0  ->  Job ID: 12201555
  耦合强度: 14.5  ->  Job ID: 12201556
  耦合强度: 15.0  ->  Job ID: 12201557
  耦合强度: 15.5  ->  Job ID: 12201558
  耦合强度: 16.0  ->  Job ID: 12201559
  耦合强度: 16.5  ->  Job ID: 12201560
  耦合强度: 17.0  ->  Job ID: 12201561
  耦合强度: 17.5  ->  Job ID: 12201562
  耦合强度: 18.0  ->  Job ID: 12201563
  耦合强度: 18.5  ->  Job ID: 12201564
  耦合强度: 19.0  ->  Job ID: 12201565
  耦合强度: 19.5  ->  Job ID: 12201566
  耦合强度: 20.0  ->  Job ID: 12201567
----------------------------------------
Job ID列表已保存到: /mnt/gs21/scratch/jiangj33/ldx/case1/multi_main/job_ids.txt
==========================================

==========================================
[2026-07-11 05:00:06] 提交了 41 个任务
配置文件: /mnt/gs21/scratch/jiangj33/ldx/case17/multi_main/config.yaml
耦合强度范围: 0.0 到 20.0
----------------------------------------
成功提交的任务:
  耦合强度: 0.0  ->  Job ID: 12244211
  耦合强度: 0.5  ->  Job ID: 12244212
  耦合强度: 1.0  ->  Job ID: 12244213
  耦合强度: 1.5  ->  Job ID: 12244214
  耦合强度: 2.0  ->  Job ID: 12244215
  耦合强度: 2.5  ->  Job ID: 12244216
  耦合强度: 3.0  ->  Job ID: 12244217
  耦合强度: 3.5  ->  Job ID: 12244218
  耦合强度: 4.0  ->  Job ID: 12244219
  耦合强度: 4.5  ->  Job ID: 12244220
  耦合强度: 5.0  ->  Job ID: 12244221
  耦合强度: 5.5  ->  Job ID: 12244223
  耦合强度: 6.0  ->  Job ID: 12244224
  耦合强度: 6.5  ->  Job ID: 12244225
  耦合强度: 7.0  ->  Job ID: 12244226
  耦合强度: 7.5  ->  Job ID: 12244227
  耦合强度: 8.0  ->  Job ID: 12244228
  耦合强度: 8.5  ->  Job ID: 12244229
  耦合强度: 9.0  ->  Job ID: 12244230
  耦合强度: 9.5  ->  Job ID: 12244231
  耦合强度: 10.0  ->  Job ID: 12244232
  耦合强度: 10.5  ->  Job ID: 12244233
  耦合强度: 11.0  ->  Job ID: 12244234
  耦合强度: 11.5  ->  Job ID: 12244235
  耦合强度: 12.0  ->  Job ID: 12244236
  耦合强度: 12.5  ->  Job ID: 12244237
  耦合强度: 13.0  ->  Job ID: 12244238
  耦合强度: 13.5  ->  Job ID: 12244239
  耦合强度: 14.0  ->  Job ID: 12244240
  耦合强度: 14.5  ->  Job ID: 12244241
  耦合强度: 15.0  ->  Job ID: 12244242
  耦合强度: 15.5  ->  Job ID: 12244243
  耦合强度: 16.0  ->  Job ID: 12244244
  耦合强度: 16.5  ->  Job ID: 12244245
  耦合强度: 17.0  ->  Job ID: 12244246
  耦合强度: 17.5  ->  Job ID: 12244247
  耦合强度: 18.0  ->  Job ID: 12244248
  耦合强度: 18.5  ->  Job ID: 12244249
  耦合强度: 19.0  ->  Job ID: 12244250
  耦合强度: 19.5  ->  Job ID: 12244251
  耦合强度: 20.0  ->  Job ID: 12244252
----------------------------------------
Job ID列表已保存到: /mnt/gs21/scratch/jiangj33/ldx/case17/multi_main/job_ids.txt
==========================================

==========================================
[2026-07-12 06:45:33] 提交了 41 个任务
配置文件: /mnt/gs21/scratch/jiangj33/ldx/case17/multi_main/config.yaml
耦合强度范围: 0.0 到 20.0
----------------------------------------
成功提交的任务:
  耦合强度: 0.0  ->  Job ID: 12300353
  耦合强度: 0.5  ->  Job ID: 12300354
  耦合强度: 1.0  ->  Job ID: 12300355
  耦合强度: 1.5  ->  Job ID: 12300356
  耦合强度: 2.0  ->  Job ID: 12300357
  耦合强度: 2.5  ->  Job ID: 12300358
  耦合强度: 3.0  ->  Job ID: 12300359
  耦合强度: 3.5  ->  Job ID: 12300360
  耦合强度: 4.0  ->  Job ID: 12300361
  耦合强度: 4.5  ->  Job ID: 12300362
  耦合强度: 5.0  ->  Job ID: 12300363
  耦合强度: 5.5  ->  Job ID: 12300364
  耦合强度: 6.0  ->  Job ID: 12300365
  耦合强度: 6.5  ->  Job ID: 12300366
  耦合强度: 7.0  ->  Job ID: 12300367
  耦合强度: 7.5  ->  Job ID: 12300368
  耦合强度: 8.0  ->  Job ID: 12300370
  耦合强度: 8.5  ->  Job ID: 12300371
  耦合强度: 9.0  ->  Job ID: 12300372
  耦合强度: 9.5  ->  Job ID: 12300373
  耦合强度: 10.0  ->  Job ID: 12300374
  耦合强度: 10.5  ->  Job ID: 12300375
  耦合强度: 11.0  ->  Job ID: 12300376
  耦合强度: 11.5  ->  Job ID: 12300378
  耦合强度: 12.0  ->  Job ID: 12300379
  耦合强度: 12.5  ->  Job ID: 12300380
  耦合强度: 13.0  ->  Job ID: 12300381
  耦合强度: 13.5  ->  Job ID: 12300382
  耦合强度: 14.0  ->  Job ID: 12300383
  耦合强度: 14.5  ->  Job ID: 12300385
  耦合强度: 15.0  ->  Job ID: 12300386
  耦合强度: 15.5  ->  Job ID: 12300387
  耦合强度: 16.0  ->  Job ID: 12300388
  耦合强度: 16.5  ->  Job ID: 12300389
  耦合强度: 17.0  ->  Job ID: 12300390
  耦合强度: 17.5  ->  Job ID: 12300392
  耦合强度: 18.0  ->  Job ID: 12300393
  耦合强度: 18.5  ->  Job ID: 12300394
  耦合强度: 19.0  ->  Job ID: 12300395
  耦合强度: 19.5  ->  Job ID: 12300396
  耦合强度: 20.0  ->  Job ID: 12300397
----------------------------------------
Job ID列表已保存到: /mnt/gs21/scratch/jiangj33/ldx/case17/multi_main/job_ids.txt
==========================================

